1
S 
4
b c d e 
4
S -> c 
S -> d 
S -> e 
S -> b 
S
