2
C S 
2
a b 
4
C -> a C 
C -> b 
S -> a C 
S -> b 
S
