5
E T F E' T' 
5
+ * ( ) a 
8
E -> T E' 
E' -> + T E' 
E' -> ε 
F -> a 
F -> ( E ) 
T -> F T' 
T' -> * F T' 
T' -> ε 
E
