5
A B C B' C' 
1
a 
12
A -> B C 
A -> a 
B -> C A 
B -> a b B' 
B' -> C b B' 
B' -> ε 
C -> a b B' C B C' 
C -> a B C' 
C -> a C' 
C' -> A C B C' 
C' -> C C' 
C' -> ε 
A
