2
A A' 
1
a 
3
A -> a A' 
A' -> a A' 
A' -> Îµ 
A
