3
A B B' 
1
b 
5
A -> B b 
A -> b 
B -> b b B' 
B' -> b b B' 
B' -> Îµ 
A
